This is pdfTeX, Version 3.141592653-2.6-1.40.22 (TeX Live 2021) (preloaded format=pdflatex 2021.8.27)  8 JUN 2026 11:04
entering extended mode
 restricted \write18 enabled.
 file:line:error style messages enabled.
 %&-line parsing enabled.
**marked.tex
(./marked.tex
LaTeX2e <2020-10-01> patch level 4
L3 programming layer <2021-02-18>
(/usr/local/texlive/2021/texmf-dist/tex/latex/elsarticle/elsarticle.cls
Document Class: elsarticle 2020/11/20, 3.3: Elsevier Ltd
(/usr/local/texlive/2021/texmf-dist/tex/latex/l3kernel/expl3.sty
Package: expl3 2021-02-18 L3 programming layer (loader) 

(/usr/local/texlive/2021/texmf-dist/tex/latex/l3backend/l3backend-pdftex.def
File: l3backend-pdftex.def 2021-03-18 L3 backend support: PDF output (pdfTeX)
\l__color_backend_stack_int=\count179
\l__pdf_internal_box=\box47
))
(/usr/local/texlive/2021/texmf-dist/tex/latex/l3packages/xparse/xparse.sty
(/usr/local/texlive/2021/texmf-dist/tex/latex/l3packages/xparse/xparse-2020-10-
01.sty
(/usr/local/texlive/2021/texmf-dist/tex/latex/l3packages/xparse/xparse-generic.
tex))) (/usr/local/texlive/2021/texmf-dist/tex/latex/etoolbox/etoolbox.sty
Package: etoolbox 2020/10/05 v2.5k e-TeX tools for LaTeX (JAW)
\etb@tempcnta=\count180
)
\@bls=\dimen138

(/usr/local/texlive/2021/texmf-dist/tex/latex/base/article.cls
Document Class: article 2020/04/10 v1.4m Standard LaTeX document class
(/usr/local/texlive/2021/texmf-dist/tex/latex/base/size10.clo
File: size10.clo 2020/04/10 v1.4m Standard LaTeX file (size option)
)
\c@part=\count181
\c@section=\count182
\c@subsection=\count183
\c@subsubsection=\count184
\c@paragraph=\count185
\c@subparagraph=\count186
\c@figure=\count187
\c@table=\count188
\abovecaptionskip=\skip47
\belowcaptionskip=\skip48
\bibindent=\dimen139
)
(/usr/local/texlive/2021/texmf-dist/tex/latex/graphics/graphicx.sty
Package: graphicx 2020/09/09 v1.2b Enhanced LaTeX Graphics (DPC,SPQR)

(/usr/local/texlive/2021/texmf-dist/tex/latex/graphics/keyval.sty
Package: keyval 2014/10/28 v1.15 key=value parser (DPC)
\KV@toks@=\toks15
)
(/usr/local/texlive/2021/texmf-dist/tex/latex/graphics/graphics.sty
Package: graphics 2020/08/30 v1.4c Standard LaTeX Graphics (DPC,SPQR)

(/usr/local/texlive/2021/texmf-dist/tex/latex/graphics/trig.sty
Package: trig 2016/01/03 v1.10 sin cos tan (DPC)
)
(/usr/local/texlive/2021/texmf-dist/tex/latex/graphics-cfg/graphics.cfg
File: graphics.cfg 2016/06/04 v1.11 sample graphics configuration
)
Package graphics Info: Driver file: pdftex.def on input line 105.

(/usr/local/texlive/2021/texmf-dist/tex/latex/graphics-def/pdftex.def
File: pdftex.def 2020/10/05 v1.2a Graphics/color driver for pdftex
))
\Gin@req@height=\dimen140
\Gin@req@width=\dimen141
)
\c@tnote=\count189
\c@fnote=\count190
\c@cnote=\count191
\c@ead=\count192
\c@author=\count193
\@eadauthor=\toks16
\c@affn=\count194
\absbox=\box48
\elsarticlehighlightsbox=\box49
\elsarticlegrabsbox=\box50
\keybox=\box51
\Columnwidth=\dimen142
\space@left=\dimen143
\els@boxa=\box52
\els@boxb=\box53
\leftMargin=\dimen144
\@enLab=\toks17
\@sep=\skip49
\@@sep=\skip50

(./marked.spl) (/usr/local/texlive/2021/texmf-dist/tex/latex/natbib/natbib.sty
Package: natbib 2010/09/13 8.31b (PWD, AO)
\bibhang=\skip51
\bibsep=\skip52
LaTeX Info: Redefining \cite on input line 694.
\c@NAT@ctr=\count195
)
\splwrite=\write3
\openout3 = `marked.spl'.

\appnamewidth=\dimen145
) (/usr/local/texlive/2021/texmf-dist/tex/latex/geometry/geometry.sty
Package: geometry 2020/01/02 v5.9 Page Geometry

(/usr/local/texlive/2021/texmf-dist/tex/generic/iftex/ifvtex.sty
Package: ifvtex 2019/10/25 v1.7 ifvtex legacy package. Use iftex instead.

(/usr/local/texlive/2021/texmf-dist/tex/generic/iftex/iftex.sty
Package: iftex 2020/03/06 v1.0d TeX engine tests
))
\Gm@cnth=\count196
\Gm@cntv=\count197
\c@Gm@tempcnt=\count198
\Gm@bindingoffset=\dimen146
\Gm@wd@mp=\dimen147
\Gm@odd@mp=\dimen148
\Gm@even@mp=\dimen149
\Gm@layoutwidth=\dimen150
\Gm@layoutheight=\dimen151
\Gm@layouthoffset=\dimen152
\Gm@layoutvoffset=\dimen153
\Gm@dimlist=\toks18
)
(/usr/local/texlive/2021/texmf-dist/tex/latex/caption/subcaption.sty
Package: subcaption 2020/10/07 v1.3j Sub-captions (AR)

(/usr/local/texlive/2021/texmf-dist/tex/latex/caption/caption.sty
Package: caption 2020/10/26 v3.5g Customizing captions (AR)

(/usr/local/texlive/2021/texmf-dist/tex/latex/caption/caption3.sty
Package: caption3 2020/10/21 v2.2e caption3 kernel (AR)
\captionmargin=\dimen154
\captionmargin@=\dimen155
\captionwidth=\dimen156
\caption@tempdima=\dimen157
\caption@indent=\dimen158
\caption@parindent=\dimen159
\caption@hangindent=\dimen160
Package caption Info: elsarticle document class detected.

(/usr/local/texlive/2021/texmf-dist/tex/latex/caption/caption-elsarticle.sto
File: caption-elsarticle.sto 2020/08/22 v2.0 Adaption of the caption package to
 the elsarticle document class (AR)
))
\c@caption@flags=\count199
\c@continuedfloat=\count266
)
\c@subfigure=\count267
\c@subtable=\count268
) (/usr/local/texlive/2021/texmf-dist/tex/latex/booktabs/booktabs.sty
Package: booktabs 2020/01/12 v1.61803398 Publication quality tables
\heavyrulewidth=\dimen161
\lightrulewidth=\dimen162
\cmidrulewidth=\dimen163
\belowrulesep=\dimen164
\belowbottomsep=\dimen165
\aboverulesep=\dimen166
\abovetopsep=\dimen167
\cmidrulesep=\dimen168
\cmidrulekern=\dimen169
\defaultaddspace=\dimen170
\@cmidla=\count269
\@cmidlb=\count270
\@aboverulesep=\dimen171
\@belowrulesep=\dimen172
\@thisruleclass=\count271
\@lastruleclass=\count272
\@thisrulewidth=\dimen173
)
(/usr/local/texlive/2021/texmf-dist/tex/latex/placeins/placeins.sty
Package: placeins 2005/04/18  v 2.2
)
(/usr/local/texlive/2021/texmf-dist/tex/latex/tools/xspace.sty
Package: xspace 2014/10/28 v1.13 Space after command names (DPC,MH)
)
(/usr/local/texlive/2021/texmf-dist/tex/latex/hyperref/hyperref.sty
Package: hyperref 2021-02-27 v7.00k Hypertext links for LaTeX

(/usr/local/texlive/2021/texmf-dist/tex/generic/ltxcmds/ltxcmds.sty
Package: ltxcmds 2020-05-10 v1.25 LaTeX kernel commands for general use (HO)
)
(/usr/local/texlive/2021/texmf-dist/tex/generic/pdftexcmds/pdftexcmds.sty
Package: pdftexcmds 2020-06-27 v0.33 Utility functions of pdfTeX for LuaTeX (HO
)

(/usr/local/texlive/2021/texmf-dist/tex/generic/infwarerr/infwarerr.sty
Package: infwarerr 2019/12/03 v1.5 Providing info/warning/error messages (HO)
)
Package pdftexcmds Info: \pdf@primitive is available.
Package pdftexcmds Info: \pdf@ifprimitive is available.
Package pdftexcmds Info: \pdfdraftmode found.
)
(/usr/local/texlive/2021/texmf-dist/tex/generic/kvsetkeys/kvsetkeys.sty
Package: kvsetkeys 2019/12/15 v1.18 Key value parser (HO)
)
(/usr/local/texlive/2021/texmf-dist/tex/generic/kvdefinekeys/kvdefinekeys.sty
Package: kvdefinekeys 2019-12-19 v1.6 Define keys (HO)
)
(/usr/local/texlive/2021/texmf-dist/tex/generic/pdfescape/pdfescape.sty
Package: pdfescape 2019/12/09 v1.15 Implements pdfTeX's escape features (HO)
)
(/usr/local/texlive/2021/texmf-dist/tex/latex/hycolor/hycolor.sty
Package: hycolor 2020-01-27 v1.10 Color options for hyperref/bookmark (HO)
)
(/usr/local/texlive/2021/texmf-dist/tex/latex/letltxmacro/letltxmacro.sty
Package: letltxmacro 2019/12/03 v1.6 Let assignment for LaTeX macros (HO)
)
(/usr/local/texlive/2021/texmf-dist/tex/latex/auxhook/auxhook.sty
Package: auxhook 2019-12-17 v1.6 Hooks for auxiliary files (HO)
)
(/usr/local/texlive/2021/texmf-dist/tex/latex/kvoptions/kvoptions.sty
Package: kvoptions 2020-10-07 v3.14 Key value format for package options (HO)
)
\@linkdim=\dimen174
\Hy@linkcounter=\count273
\Hy@pagecounter=\count274

(/usr/local/texlive/2021/texmf-dist/tex/latex/hyperref/pd1enc.def
File: pd1enc.def 2021-02-27 v7.00k Hyperref: PDFDocEncoding definition (HO)
Now handling font encoding PD1 ...
... no UTF-8 mapping file for font encoding PD1
)
(/usr/local/texlive/2021/texmf-dist/tex/latex/hyperref/hyperref-langpatches.def
File: hyperref-langpatches.def 2021-02-27 v7.00k Hyperref: patches for babel la
nguages
) (/usr/local/texlive/2021/texmf-dist/tex/generic/intcalc/intcalc.sty
Package: intcalc 2019/12/15 v1.3 Expandable calculations with integers (HO)
)
(/usr/local/texlive/2021/texmf-dist/tex/generic/etexcmds/etexcmds.sty
Package: etexcmds 2019/12/15 v1.7 Avoid name clashes with e-TeX commands (HO)
)
\Hy@SavedSpaceFactor=\count275

(/usr/local/texlive/2021/texmf-dist/tex/latex/hyperref/puenc.def
File: puenc.def 2021-02-27 v7.00k Hyperref: PDF Unicode definition (HO)
Now handling font encoding PU ...
... no UTF-8 mapping file for font encoding PU
)
Package hyperref Info: Hyper figures OFF on input line 4192.
Package hyperref Info: Link nesting OFF on input line 4197.
Package hyperref Info: Hyper index ON on input line 4200.
Package hyperref Info: Plain pages OFF on input line 4207.
Package hyperref Info: Backreferencing OFF on input line 4212.
Package hyperref Info: Implicit mode ON; LaTeX internals redefined.
Package hyperref Info: Bookmarks ON on input line 4445.
\c@Hy@tempcnt=\count276

(/usr/local/texlive/2021/texmf-dist/tex/latex/url/url.sty
\Urlmuskip=\muskip16
Package: url 2013/09/16  ver 3.4  Verb mode for urls, etc.
)
LaTeX Info: Redefining \url on input line 4804.
\XeTeXLinkMargin=\dimen175

(/usr/local/texlive/2021/texmf-dist/tex/generic/bitset/bitset.sty
Package: bitset 2019/12/09 v1.3 Handle bit-vector datatype (HO)

(/usr/local/texlive/2021/texmf-dist/tex/generic/bigintcalc/bigintcalc.sty
Package: bigintcalc 2019/12/15 v1.5 Expandable calculations on big integers (HO
)
))
\Fld@menulength=\count277
\Field@Width=\dimen176
\Fld@charsize=\dimen177
Package hyperref Info: Hyper figures OFF on input line 6075.
Package hyperref Info: Link nesting OFF on input line 6080.
Package hyperref Info: Hyper index ON on input line 6083.
Package hyperref Info: backreferencing OFF on input line 6090.
Package hyperref Info: Link coloring OFF on input line 6095.
Package hyperref Info: Link coloring with OCG OFF on input line 6100.
Package hyperref Info: PDF/A mode OFF on input line 6105.
LaTeX Info: Redefining \ref on input line 6145.
LaTeX Info: Redefining \pageref on input line 6149.

(/usr/local/texlive/2021/texmf-dist/tex/latex/base/atbegshi-ltx.sty
Package: atbegshi-ltx 2020/08/17 v1.0a Emulation of the original atbegshi packa
ge
with kernel methods
)
\Hy@abspage=\count278
\c@Item=\count279
\c@Hfootnote=\count280
)
Package hyperref Info: Driver (autodetected): hpdftex.

(/usr/local/texlive/2021/texmf-dist/tex/latex/hyperref/hpdftex.def
File: hpdftex.def 2021-02-27 v7.00k Hyperref driver for pdfTeX

(/usr/local/texlive/2021/texmf-dist/tex/latex/base/atveryend-ltx.sty
Package: atveryend-ltx 2020/08/19 v1.0a Emulation of the original atvery packag
e
with kernel methods
)
\Fld@listcount=\count281
\c@bookmark@seq@number=\count282

(/usr/local/texlive/2021/texmf-dist/tex/latex/rerunfilecheck/rerunfilecheck.sty
Package: rerunfilecheck 2019/12/05 v1.9 Rerun checks for auxiliary files (HO)

(/usr/local/texlive/2021/texmf-dist/tex/generic/uniquecounter/uniquecounter.sty
Package: uniquecounter 2019/12/15 v1.4 Provide unlimited unique counter (HO)
)
Package uniquecounter Info: New unique counter `rerunfilecheck' on input line 2
86.
)
\Hy@SectionHShift=\skip53
) (/usr/local/texlive/2021/texmf-dist/tex/latex/amsmath/amsmath.sty
Package: amsmath 2020/09/23 v2.17i AMS math features
\@mathmargin=\skip54

For additional information on amsmath, use the `?' option.
(/usr/local/texlive/2021/texmf-dist/tex/latex/amsmath/amstext.sty
Package: amstext 2000/06/29 v2.01 AMS text

(/usr/local/texlive/2021/texmf-dist/tex/latex/amsmath/amsgen.sty
File: amsgen.sty 1999/11/30 v2.0 generic functions
\@emptytoks=\toks19
\ex@=\dimen178
))
(/usr/local/texlive/2021/texmf-dist/tex/latex/amsmath/amsbsy.sty
Package: amsbsy 1999/11/29 v1.2d Bold Symbols
\pmbraise@=\dimen179
)
(/usr/local/texlive/2021/texmf-dist/tex/latex/amsmath/amsopn.sty
Package: amsopn 2016/03/08 v2.02 operator names
)
\inf@bad=\count283
LaTeX Info: Redefining \frac on input line 234.
\uproot@=\count284
\leftroot@=\count285
LaTeX Info: Redefining \overline on input line 399.
\classnum@=\count286
\DOTSCASE@=\count287
LaTeX Info: Redefining \ldots on input line 496.
LaTeX Info: Redefining \dots on input line 499.
LaTeX Info: Redefining \cdots on input line 620.
\Mathstrutbox@=\box54
\strutbox@=\box55
\big@size=\dimen180
LaTeX Font Info:    Redeclaring font encoding OML on input line 743.
LaTeX Font Info:    Redeclaring font encoding OMS on input line 744.
\macc@depth=\count288
\c@MaxMatrixCols=\count289
\dotsspace@=\muskip17
\c@parentequation=\count290
\dspbrk@lvl=\count291
\tag@help=\toks20
\row@=\count292
\column@=\count293
\maxfields@=\count294
\andhelp@=\toks21
\eqnshift@=\dimen181
\alignsep@=\dimen182
\tagshift@=\dimen183
\tagwidth@=\dimen184
\totwidth@=\dimen185
\lineht@=\dimen186
\@envbody=\toks22
\multlinegap=\skip55
\multlinetaggap=\skip56
\mathdisplay@stack=\toks23
LaTeX Info: Redefining \[ on input line 2923.
LaTeX Info: Redefining \] on input line 2924.
)
(/usr/local/texlive/2021/texmf-dist/tex/latex/amsfonts/amssymb.sty
Package: amssymb 2013/01/14 v3.01 AMS font symbols

(/usr/local/texlive/2021/texmf-dist/tex/latex/amsfonts/amsfonts.sty
Package: amsfonts 2013/01/14 v3.01 Basic AMSFonts support
\symAMSa=\mathgroup4
\symAMSb=\mathgroup5
LaTeX Font Info:    Redeclaring math symbol \hbar on input line 98.
LaTeX Font Info:    Overwriting math alphabet `\mathfrak' in version `bold'
(Font)                  U/euf/m/n --> U/euf/b/n on input line 106.
))
(/usr/local/texlive/2021/texmf-dist/tex/latex/siunitx/siunitx.sty
Package: siunitx 2020/02/25 v2.8b A comprehensive (SI) units package

(/usr/local/texlive/2021/texmf-dist/tex/latex/tools/array.sty
Package: array 2020/10/01 v2.5c Tabular extension package (FMi)
\col@sep=\dimen187
\ar@mcellbox=\box56
\extrarowheight=\dimen188
\NC@list=\toks24
\extratabsurround=\skip57
\backup@length=\skip58
\ar@cellbox=\box57
)
(/usr/local/texlive/2021/texmf-dist/tex/latex/l3packages/l3keys2e/l3keys2e.sty
Package: l3keys2e 2021-03-12 LaTeX2e option processing using LaTeX3 keys
)
\l__siunitx_tmp_box=\box58
\l__siunitx_tmp_dim=\dimen189
\l__siunitx_tmp_int=\count295
\l__siunitx_number_mantissa_length_int=\count296
\l__siunitx_number_uncert_length_int=\count297
\l__siunitx_round_int=\count298
\l__siunitx_process_decimal_int=\count299
\l__siunitx_process_uncertainty_int=\count300
\l__siunitx_process_fixed_int=\count301
\l__siunitx_process_integer_min_int=\count302
\l__siunitx_process_precision_int=\count303
\l__siunitx_group_min_int=\count304
\l__siunitx_angle_marker_box=\box59
\l__siunitx_angle_unit_box=\box60
\l__siunitx_angle_marker_dim=\dimen190
\l__siunitx_angle_unit_dim=\dimen191
\l__siunitx_unit_int=\count305
\l__siunitx_unit_denominator_int=\count306
\l__siunitx_unit_numerator_int=\count307
\l__siunitx_unit_prefix_int=\count308
\l__siunitx_unit_prefix_base_int=\count309
\l__siunitx_unit_prefix_gram_int=\count310
\l__siunitx_number_product_int=\count311
\c__siunitx_one_fill_skip=\skip59
\l__siunitx_table_unit_align_skip=\skip60
\l__siunitx_table_exponent_dim=\dimen192
\l__siunitx_table_integer_dim=\dimen193
\l__siunitx_table_mantissa_dim=\dimen194
\l__siunitx_table_marker_dim=\dimen195
\l__siunitx_table_result_dim=\dimen196
\l__siunitx_table_uncert_dim=\dimen197
\l__siunitx_table_fill_pre_dim=\dimen198
\l__siunitx_table_fill_post_dim=\dimen199
\l__siunitx_table_fill_mid_dim=\dimen256
\l__siunitx_table_pre_box=\box61
\l__siunitx_table_post_box=\box62
\l__siunitx_table_mantissa_box=\box63
\l__siunitx_table_result_box=\box64
\l__siunitx_table_number_align_skip=\skip61
\l__siunitx_table_text_align_skip=\skip62
(/usr/local/texlive/2021/texmf-dist/tex/latex/translator/translator.sty
Package: translator 2020-08-03 v1.12c Easy translation of strings in LaTeX
))
(/usr/local/texlive/2021/texmf-dist/tex/latex/mhchem/mhchem.sty
Package: mhchem 2018/06/22 v4.08 for typesetting chemical formulae

(/usr/local/texlive/2021/texmf-dist/tex/latex/tools/calc.sty
Package: calc 2017/05/25 v4.3 Infix arithmetic (KKT,FJ)
\calc@Acount=\count312
\calc@Bcount=\count313
\calc@Adimen=\dimen257
\calc@Bdimen=\dimen258
\calc@Askip=\skip63
\calc@Bskip=\skip64
LaTeX Info: Redefining \setlength on input line 80.
LaTeX Info: Redefining \addtolength on input line 81.
\calc@Ccount=\count314
\calc@Cskip=\skip65
)
(/usr/local/texlive/2021/texmf-dist/tex/latex/chemgreek/chemgreek.sty
Package: chemgreek 2020/01/16 v1.1a interface for upright Greek letters for use
 in chemistry (CN)
\l__chemgreek_tmpa_int=\count315
\g__chemgreek_tmpa_int=\count316
)
\l__mhchem_ce_distanceFromLastComma_int=\count317
\__mhchem_arrow_extPgfLength_skip=\skip66
\mhchem@minispace@tmp=\skip67
\mhchem@minibackspace@tmp=\skip68
\mhchem@bondwidth=\skip69
\mhchem@bondheight=\skip70
\mhchem@smallbondwidth@tmpA=\skip71
\mhchem@smallbondwidth@tmpB=\skip72
\mhchem@smallbondwidth=\skip73
\mhchem@bondtmp@minussidebearingleft=\skip74
\mhchem@bondtmp@minussidebearingright=\skip75
\l__mhchem_option_version_int=\count318
\mhchem@option@minusmathsidebearingleft=\dimen259
\mhchem@option@minusmathsidebearingright=\dimen260
\mhchem@option@minustextsidebearingleft=\dimen261
\mhchem@option@minustextsidebearingright=\dimen262
)
(/usr/local/texlive/2021/texmf-dist/tex/latex/lineno/lineno.sty
Package: lineno 2005/11/02 line numbers on paragraphs v4.41
\linenopenalty=\count319
\output=\toks25
\linenoprevgraf=\count320
\linenumbersep=\dimen263
\linenumberwidth=\dimen264
\c@linenumber=\count321
\c@pagewiselinenumber=\count322
\c@LN@truepage=\count323
\c@internallinenumber=\count324
\c@internallinenumbers=\count325
\quotelinenumbersep=\dimen265
\bframerule=\dimen266
\bframesep=\dimen267
\bframebox=\box65
LaTeX Info: Redefining \\ on input line 3056.
)
LaTeX Info: Redefining \bf on input line 16.

(/usr/local/texlive/2021/texmf-dist/tex/latex/graphics/color.sty
Package: color 2020/02/24 v1.2b Standard LaTeX Color (DPC)

(/usr/local/texlive/2021/texmf-dist/tex/latex/graphics-cfg/color.cfg
File: color.cfg 2016/01/02 v1.6 sample color configuration
)
Package color Info: Driver file: pdftex.def on input line 147.
)
(/usr/local/texlive/2021/texmf-dist/tex/latex/oberdiek/settobox.sty
Package: settobox 2016/05/16 v1.5 Assign box dimensions to length registers (HO
)
)
\DIFdelgraphicsbox=\box66
\DIFdelgraphicswidth=\skip76
\DIFdelgraphicsheight=\skip77
LaTeX Info: Redefining \DIFaddbegin on input line 63.
LaTeX Info: Redefining \DIFaddend on input line 64.
LaTeX Info: Redefining \DIFdelbegin on input line 65.
LaTeX Info: Redefining \DIFdelend on input line 66.
LaTeX Info: Redefining \DIFaddbeginFL on input line 71.
LaTeX Info: Redefining \DIFaddendFL on input line 72.
LaTeX Info: Redefining \DIFdelbeginFL on input line 73.
LaTeX Info: Redefining \DIFdelendFL on input line 74.

(/usr/local/texlive/2021/texmf-dist/tex/latex/listings/listings.sty
\lst@mode=\count326
\lst@gtempboxa=\box67
\lst@token=\toks26
\lst@length=\count327
\lst@currlwidth=\dimen268
\lst@column=\count328
\lst@pos=\count329
\lst@lostspace=\dimen269
\lst@width=\dimen270
\lst@newlines=\count330
\lst@lineno=\count331
\lst@maxwidth=\dimen271

(/usr/local/texlive/2021/texmf-dist/tex/latex/listings/lstmisc.sty
File: lstmisc.sty 2020/03/24 1.8d (Carsten Heinz)
\c@lstnumber=\count332
\lst@skipnumbers=\count333
\lst@framebox=\box68
)
(/usr/local/texlive/2021/texmf-dist/tex/latex/listings/listings.cfg
File: listings.cfg 2020/03/24 1.8d listings configuration
))
Package: listings 2020/03/24 1.8d (Carsten Heinz)

(./marked.aux)
\openout1 = `marked.aux'.

LaTeX Font Info:    Checking defaults for OML/cmm/m/it on input line 97.
LaTeX Font Info:    ... okay on input line 97.
LaTeX Font Info:    Checking defaults for OMS/cmsy/m/n on input line 97.
LaTeX Font Info:    ... okay on input line 97.
LaTeX Font Info:    Checking defaults for OT1/cmr/m/n on input line 97.
LaTeX Font Info:    ... okay on input line 97.
LaTeX Font Info:    Checking defaults for T1/cmr/m/n on input line 97.
LaTeX Font Info:    ... okay on input line 97.
LaTeX Font Info:    Checking defaults for TS1/cmr/m/n on input line 97.
LaTeX Font Info:    ... okay on input line 97.
LaTeX Font Info:    Checking defaults for OMX/cmex/m/n on input line 97.
LaTeX Font Info:    ... okay on input line 97.
LaTeX Font Info:    Checking defaults for U/cmr/m/n on input line 97.
LaTeX Font Info:    ... okay on input line 97.
LaTeX Font Info:    Checking defaults for PD1/pdf/m/n on input line 97.
LaTeX Font Info:    ... okay on input line 97.
LaTeX Font Info:    Checking defaults for PU/pdf/m/n on input line 97.
LaTeX Font Info:    ... okay on input line 97.

(/usr/local/texlive/2021/texmf-dist/tex/context/base/mkii/supp-pdf.mkii
[Loading MPS to PDF converter (version 2006.09.02).]
\scratchcounter=\count334
\scratchdimen=\dimen272
\scratchbox=\box69
\nofMPsegments=\count335
\nofMParguments=\count336
\everyMPshowfont=\toks27
\MPscratchCnt=\count337
\MPscratchDim=\dimen273
\MPnumerator=\count338
\makeMPintoPDFobject=\count339
\everyMPtoPDFconversion=\toks28
) (/usr/local/texlive/2021/texmf-dist/tex/latex/epstopdf-pkg/epstopdf-base.sty
Package: epstopdf-base 2020-01-24 v2.11 Base part for package epstopdf
Package epstopdf-base Info: Redefining graphics rule for `.eps' on input line 4
85.

(/usr/local/texlive/2021/texmf-dist/tex/latex/latexconfig/epstopdf-sys.cfg
File: epstopdf-sys.cfg 2010/07/13 v1.3 Configuration of (r)epstopdf for TeX Liv
e
))
*geometry* driver: auto-detecting
*geometry* detected driver: pdftex
*geometry* verbose mode - [ preamble ] result:
* driver: pdftex
* paper: <default>
* layout: <same size as paper>
* layoutoffset:(h,v)=(0.0pt,0.0pt)
* modes: 
* h-part:(L,W,R)=(72.26999pt, 469.75502pt, 72.26999pt)
* v-part:(T,H,B)=(72.26999pt, 650.43001pt, 72.26999pt)
* \paperwidth=614.295pt
* \paperheight=794.96999pt
* \textwidth=469.75502pt
* \textheight=650.43001pt
* \oddsidemargin=0.0pt
* \evensidemargin=0.0pt
* \topmargin=-37.0pt
* \headheight=12.0pt
* \headsep=25.0pt
* \topskip=10.0pt
* \footskip=30.0pt
* \marginparwidth=65.0pt
* \marginparsep=11.0pt
* \columnsep=10.0pt
* \skip\footins=24.0pt
* \hoffset=0.0pt
* \voffset=0.0pt
* \mag=1000
* \@twocolumnfalse
* \@twosidefalse
* \@mparswitchfalse
* \@reversemarginfalse
* (1in=72.27pt=25.4mm, 1cm=28.453pt)

Package caption Info: Begin \AtBeginDocument code.
Package caption Info: hyperref package is loaded.
Package caption Info: listings package is loaded.
Package caption Info: End \AtBeginDocument code.
Package hyperref Info: Link coloring OFF on input line 97.
(/usr/local/texlive/2021/texmf-dist/tex/latex/hyperref/nameref.sty
Package: nameref 2021-04-02 v2.47 Cross-referencing by name of section

(/usr/local/texlive/2021/texmf-dist/tex/latex/refcount/refcount.sty
Package: refcount 2019/12/15 v3.6 Data extraction from label references (HO)
)
(/usr/local/texlive/2021/texmf-dist/tex/generic/gettitlestring/gettitlestring.s
ty
Package: gettitlestring 2019/12/15 v1.6 Cleanup title references (HO)
)
\c@section@level=\count340
)
LaTeX Info: Redefining \ref on input line 97.
LaTeX Info: Redefining \pageref on input line 97.
LaTeX Info: Redefining \nameref on input line 97.
 (./marked.out) (./marked.out)
\@outlinefile=\write4
\openout4 = `marked.out'.


(/usr/local/texlive/2021/texmf-dist/tex/latex/siunitx/siunitx-abbreviations.cfg
File: siunitx-abbreviations.cfg 2017/11/26 v2.7k siunitx: Abbreviated units
)
(/usr/local/texlive/2021/texmf-dist/tex/latex/translator/translator-basic-dicti
onary-English.dict
Dictionary: translator-basic-dictionary, Language: English 
)

Package chemgreek Info: Activating mapping `default' on line 97.

\c@lstlisting=\count341
LaTeX Font Info:    Trying to load font information for U+msa on input line 97.


(/usr/local/texlive/2021/texmf-dist/tex/latex/amsfonts/umsa.fd
File: umsa.fd 2013/01/14 v3.01 AMS symbols A
)
LaTeX Font Info:    Trying to load font information for U+msb on input line 97.


(/usr/local/texlive/2021/texmf-dist/tex/latex/amsfonts/umsb.fd
File: umsb.fd 2013/01/14 v3.01 AMS symbols B
)
Overfull \hbox (2.22221pt too wide) has occurred while \output is active
[] 
 []

[1


{/usr/local/texlive/2021/texmf-var/fonts/map/pdftex/updmap/pdftex.map}]
[2] [3] [4] [5]
<Y_stopping.pdf, id=239, 252.945pt x 189.70876pt>
File: Y_stopping.pdf Graphic file (type pdf)
<use Y_stopping.pdf>
Package pdftex.def Info: Y_stopping.pdf  used on input line 196.
(pdftex.def)             Requested size: 227.62204pt x 170.71892pt.
<I_stopping.pdf, id=240, 252.945pt x 189.70876pt>
File: I_stopping.pdf Graphic file (type pdf)
<use I_stopping.pdf>
Package pdftex.def Info: I_stopping.pdf  used on input line 201.
(pdftex.def)             Requested size: 227.62204pt x 170.71892pt.
 [6 <./Y_stopping.pdf> <./I_stopping.pdf>]
<ttm1.png, id=299, 770.88pt x 578.16pt>
File: ttm1.png Graphic file (type png)
<use ttm1.png>
Package pdftex.def Info: ttm1.png  used on input line 229.
(pdftex.def)             Requested size: 227.62204pt x 170.71451pt.
<ttm2.png, id=301, 770.88pt x 578.16pt>
File: ttm2.png Graphic file (type png)
<use ttm2.png>
Package pdftex.def Info: ttm2.png  used on input line 234.
(pdftex.def)             Requested size: 227.62204pt x 170.71451pt.
<ttm3.png, id=302, 770.88pt x 578.16pt>
File: ttm3.png Graphic file (type png)
<use ttm3.png>
Package pdftex.def Info: ttm3.png  used on input line 239.
(pdftex.def)             Requested size: 227.62204pt x 170.71451pt.
<ttm4.png, id=303, 770.88pt x 578.16pt>
File: ttm4.png Graphic file (type png)
<use ttm4.png>
Package pdftex.def Info: ttm4.png  used on input line 244.
(pdftex.def)             Requested size: 227.62204pt x 170.71451pt.
 [7] [8 <./ttm1.png> <./ttm2.png> <./ttm3.png> <./ttm4.png>]
<rotation.pdf, id=331, 505.89pt x 252.945pt>
File: rotation.pdf Graphic file (type pdf)
<use rotation.pdf>
Package pdftex.def Info: rotation.pdf  used on input line 276.
(pdftex.def)             Requested size: 284.53154pt x 142.26378pt.


pdfTeX warning: pdflatex (file ./coord.pdf): PDF inclusion: found PDF version <
1.7>, but at most version <1.5> allowed
<coord.pdf, id=332, 148.7417pt x 178.83311pt>
File: coord.pdf Graphic file (type pdf)
<use coord.pdf>
Package pdftex.def Info: coord.pdf  used on input line 281.
(pdftex.def)             Requested size: 165.65901pt x 199.16928pt.
[9]
<ff_track.png, id=345, 1554.80875pt x 1047.915pt>
File: ff_track.png Graphic file (type png)
<use ff_track.png>
Package pdftex.def Info: ff_track.png  used on input line 300.
(pdftex.def)             Requested size: 211.07634pt x 142.26378pt.


pdfTeX warning: pdflatex (file ./surf_grid.pdf): PDF inclusion: found PDF versi
on <1.7>, but at most version <1.5> allowed
<surf_grid.pdf, id=346, 154.83847pt x 176.75233pt>
File: surf_grid.pdf Graphic file (type pdf)
<use surf_grid.pdf>
Package pdftex.def Info: surf_grid.pdf  used on input line 305.
(pdftex.def)             Requested size: 124.62697pt x 142.26378pt.
[10 <./rotation.pdf> <./coord.pdf>]
<Y_p.pdf, id=414, 433.62pt x 216.81pt>
File: Y_p.pdf Graphic file (type pdf)
<use Y_p.pdf>
Package pdftex.def Info: Y_p.pdf  used on input line 324.
(pdftex.def)             Requested size: 227.62204pt x 127.00423pt.
<I_p.pdf, id=416, 433.62pt x 216.81pt>
File: I_p.pdf Graphic file (type pdf)
<use I_p.pdf>
Package pdftex.def Info: I_p.pdf  used on input line 331.
(pdftex.def)             Requested size: 227.62204pt x 127.00423pt.
<Y_e.pdf, id=418, 433.62pt x 216.81pt>
File: Y_e.pdf Graphic file (type pdf)
<use Y_e.pdf>
Package pdftex.def Info: Y_e.pdf  used on input line 338.
(pdftex.def)             Requested size: 227.62204pt x 127.00423pt.
<I_e.pdf, id=420, 433.62pt x 216.81pt>
File: I_e.pdf Graphic file (type pdf)
<use I_e.pdf>
Package pdftex.def Info: I_e.pdf  used on input line 344.
(pdftex.def)             Requested size: 227.62204pt x 127.00423pt.
<Y_a.pdf, id=422, 433.62pt x 216.81pt>
File: Y_a.pdf Graphic file (type pdf)
<use Y_a.pdf>
Package pdftex.def Info: Y_a.pdf  used on input line 351.
(pdftex.def)             Requested size: 227.62204pt x 127.00423pt.
<I_a.pdf, id=424, 433.62pt x 216.81pt>
File: I_a.pdf Graphic file (type pdf)
<use I_a.pdf>
Package pdftex.def Info: I_a.pdf  used on input line 358.
(pdftex.def)             Requested size: 227.62204pt x 127.00423pt.
 [11 <./ff_track.png (PNG copy)> <./surf_grid.pdf>] [12 <./Y_p.pdf> <./I_p.pdf>
 <./Y_e.pdf> <./I_e.pdf> <./Y_a.pdf> <./I_a.pdf>]
<n_vdw.pdf, id=602, 252.945pt x 189.70876pt>
File: n_vdw.pdf Graphic file (type pdf)
<use n_vdw.pdf>
Package pdftex.def Info: n_vdw.pdf  used on input line 383.
(pdftex.def)             Requested size: 227.62204pt x 170.71892pt.
 [13 <./n_vdw.pdf>]
<recoil_dr.pdf, id=644, 252.945pt x 189.70876pt>
File: recoil_dr.pdf Graphic file (type pdf)
<use recoil_dr.pdf>
Package pdftex.def Info: recoil_dr.pdf  used on input line 394.
(pdftex.def)             Requested size: 227.62204pt x 170.71892pt.
<ff_bubble.png, id=645, 1047.915pt x 1045.9075pt>
File: ff_bubble.png Graphic file (type png)
<use ff_bubble.png>
Package pdftex.def Info: ff_bubble.png  used on input line 403.
(pdftex.def)             Requested size: 213.39566pt x 212.97609pt.
 [14 <./recoil_dr.pdf> <./ff_bubble.png (PNG copy)>]
<xe_dr.pdf, id=674, 252.945pt x 189.70876pt>
File: xe_dr.pdf Graphic file (type pdf)
<use xe_dr.pdf>
Package pdftex.def Info: xe_dr.pdf  used on input line 416.
(pdftex.def)             Requested size: 227.62204pt x 170.71892pt.
<xe_hist.pdf, id=675, 252.945pt x 189.70876pt>
File: xe_hist.pdf Graphic file (type pdf)
<use xe_hist.pdf>
Package pdftex.def Info: xe_hist.pdf  used on input line 421.
(pdftex.def)             Requested size: 227.62204pt x 170.71892pt.

[15 <./xe_dr.pdf> <./xe_hist.pdf>]
<chi_2nm_Y.pdf, id=737, 252.945pt x 189.70876pt>
File: chi_2nm_Y.pdf Graphic file (type pdf)
<use chi_2nm_Y.pdf>
Package pdftex.def Info: chi_2nm_Y.pdf  used on input line 437.
(pdftex.def)             Requested size: 227.62204pt x 170.71892pt.
<chi_2nm_I.pdf, id=738, 252.945pt x 189.70876pt>
File: chi_2nm_I.pdf Graphic file (type pdf)
<use chi_2nm_I.pdf>
Package pdftex.def Info: chi_2nm_I.pdf  used on input line 442.
(pdftex.def)             Requested size: 227.62204pt x 170.71892pt.
<chi_64nm_Y.pdf, id=739, 252.945pt x 189.70876pt>
File: chi_64nm_Y.pdf Graphic file (type pdf)
<use chi_64nm_Y.pdf>
Package pdftex.def Info: chi_64nm_Y.pdf  used on input line 447.
(pdftex.def)             Requested size: 227.62204pt x 170.71892pt.
<chi_64nm_I.pdf, id=740, 252.945pt x 189.70876pt>
File: chi_64nm_I.pdf Graphic file (type pdf)
<use chi_64nm_I.pdf>
Package pdftex.def Info: chi_64nm_I.pdf  used on input line 452.
(pdftex.def)             Requested size: 227.62204pt x 170.71892pt.


pdfTeX warning: pdflatex (file ./surf_mesh.pdf): PDF inclusion: found PDF versi
on <1.7>, but at most version <1.5> allowed
<surf_mesh.pdf, id=742, 257.91257pt x 148.59013pt>
File: surf_mesh.pdf Graphic file (type pdf)
<use surf_mesh.pdf>
Package pdftex.def Info: surf_mesh.pdf  used on input line 475.
(pdftex.def)             Requested size: 369.88582pt x 213.10349pt.
[16]
<2nm_Y_xi.pdf, id=755, 433.62pt x 216.81pt>
File: 2nm_Y_xi.pdf Graphic file (type pdf)
<use 2nm_Y_xi.pdf>
Package pdftex.def Info: 2nm_Y_xi.pdf  used on input line 500.
(pdftex.def)             Requested size: 227.62204pt x 121.72699pt.
<2nm_Y_db.pdf, id=757, 433.62pt x 216.81pt>
File: 2nm_Y_db.pdf Graphic file (type pdf)
<use 2nm_Y_db.pdf>
Package pdftex.def Info: 2nm_Y_db.pdf  used on input line 507.
(pdftex.def)             Requested size: 227.62204pt x 120.79564pt.
<64nm_Y_xi.pdf, id=759, 433.62pt x 216.81pt>
File: 64nm_Y_xi.pdf Graphic file (type pdf)
<use 64nm_Y_xi.pdf>
Package pdftex.def Info: 64nm_Y_xi.pdf  used on input line 514.
(pdftex.def)             Requested size: 227.62204pt x 120.79564pt.
<64nm_Y_db.pdf, id=761, 433.62pt x 216.81pt>
File: 64nm_Y_db.pdf Graphic file (type pdf)
<use 64nm_Y_db.pdf>
Package pdftex.def Info: 64nm_Y_db.pdf  used on input line 521.
(pdftex.def)             Requested size: 227.62204pt x 120.79564pt.
 [17 <./chi_2nm_Y.pdf> <./chi_2nm_I.pdf> <./chi_64nm_Y.pdf> <./chi_64nm_I.pdf>]
 [18 <./surf_mesh.pdf>]
<bhom.pdf, id=1028, 252.945pt x 189.70876pt>
File: bhom.pdf Graphic file (type pdf)
<use bhom.pdf>
Package pdftex.def Info: bhom.pdf  used on input line 545.
(pdftex.def)             Requested size: 227.62204pt x 170.71892pt.
<pressure.pdf, id=1029, 252.945pt x 189.70876pt>
File: pressure.pdf Graphic file (type pdf)
<use pressure.pdf>
Package pdftex.def Info: pressure.pdf  used on input line 562.
(pdftex.def)             Requested size: 227.62204pt x 170.71892pt.
 [19 <./2nm_Y_xi.pdf> <./2nm_Y_db.pdf> <./64nm_Y_xi.pdf> <./64nm_Y_db.pdf>] [20
 <./bhom.pdf> <./pressure.pdf>]
<comp.pdf, id=1194, 252.945pt x 252.945pt>
File: comp.pdf Graphic file (type pdf)
<use comp.pdf>
Package pdftex.def Info: comp.pdf  used on input line 587.
(pdftex.def)             Requested size: 227.62204pt x 227.62523pt.
 [21] [22 <./comp.pdf>] [23] (./marked.bbl [24] [25] [26] [27]) [28] (./marked.
aux)
Package rerunfilecheck Info: File `marked.out' has not changed.
(rerunfilecheck)             Checksum: 0E7E60F24FD177557607351984D1E025;3806.
 ) 
Here is how much of TeX's memory you used:
 17271 strings out of 478994
 297010 string characters out of 5858184
 624915 words of memory out of 5000000
 34353 multiletter control sequences out of 15000+600000
 413467 words of font info for 66 fonts, out of 8000000 for 9000
 1141 hyphenation exceptions out of 8191
 83i,20n,88p,2104b,1050s stack positions out of 5000i,500n,10000p,200000b,80000s
</usr/local/texlive/2021/texmf-dist/fonts/type1/public/amsfonts/cm/cmbx10.pfb
></usr/local/texlive/2021/texmf-dist/fonts/type1/public/amsfonts/cm/cmbx12.pfb>
</usr/local/texlive/2021/texmf-dist/fonts/type1/public/amsfonts/cm/cmbx6.pfb></
usr/local/texlive/2021/texmf-dist/fonts/type1/public/amsfonts/cm/cmbx7.pfb></us
r/local/texlive/2021/texmf-dist/fonts/type1/public/amsfonts/cm/cmbx8.pfb></usr/
local/texlive/2021/texmf-dist/fonts/type1/public/amsfonts/cm/cmex10.pfb></usr/l
ocal/texlive/2021/texmf-dist/fonts/type1/public/amsfonts/cmextra/cmex8.pfb></us
r/local/texlive/2021/texmf-dist/fonts/type1/public/amsfonts/cm/cmmi10.pfb></usr
/local/texlive/2021/texmf-dist/fonts/type1/public/amsfonts/cm/cmmi12.pfb></usr/
local/texlive/2021/texmf-dist/fonts/type1/public/amsfonts/cm/cmmi5.pfb></usr/lo
cal/texlive/2021/texmf-dist/fonts/type1/public/amsfonts/cm/cmmi6.pfb></usr/loca
l/texlive/2021/texmf-dist/fonts/type1/public/amsfonts/cm/cmmi7.pfb></usr/local/
texlive/2021/texmf-dist/fonts/type1/public/amsfonts/cm/cmmi8.pfb></usr/local/te
xlive/2021/texmf-dist/fonts/type1/public/amsfonts/cm/cmmib10.pfb></usr/local/te
xlive/2021/texmf-dist/fonts/type1/public/amsfonts/cmextra/cmmib7.pfb></usr/loca
l/texlive/2021/texmf-dist/fonts/type1/public/amsfonts/cm/cmr10.pfb></usr/local/
texlive/2021/texmf-dist/fonts/type1/public/amsfonts/cm/cmr12.pfb></usr/local/te
xlive/2021/texmf-dist/fonts/type1/public/amsfonts/cm/cmr6.pfb></usr/local/texli
ve/2021/texmf-dist/fonts/type1/public/amsfonts/cm/cmr7.pfb></usr/local/texlive/
2021/texmf-dist/fonts/type1/public/amsfonts/cm/cmr8.pfb></usr/local/texlive/202
1/texmf-dist/fonts/type1/public/amsfonts/cm/cmss10.pfb></usr/local/texlive/2021
/texmf-dist/fonts/type1/public/amsfonts/cm/cmss12.pfb></usr/local/texlive/2021/
texmf-dist/fonts/type1/public/amsfonts/cm/cmss8.pfb></usr/local/texlive/2021/te
xmf-dist/fonts/type1/public/amsfonts/cm/cmsy10.pfb></usr/local/texlive/2021/tex
mf-dist/fonts/type1/public/amsfonts/cm/cmsy7.pfb></usr/local/texlive/2021/texmf
-dist/fonts/type1/public/amsfonts/cm/cmsy8.pfb></usr/local/texlive/2021/texmf-d
ist/fonts/type1/public/amsfonts/cm/cmti10.pfb></usr/local/texlive/2021/texmf-di
st/fonts/type1/public/amsfonts/cm/cmti7.pfb></usr/local/texlive/2021/texmf-dist
/fonts/type1/public/amsfonts/cm/cmti8.pfb></usr/local/texlive/2021/texmf-dist/f
onts/type1/public/amsfonts/cm/cmtt10.pfb>
Output written on marked.pdf (28 pages, 5668580 bytes).
PDF statistics:
 1366 PDF objects out of 1440 (max. 8388607)
 1093 compressed objects within 11 object streams
 139 named destinations out of 1000 (max. 500000)
 394 words of extra memory for PDF output out of 10000 (max. 10000000)

