\BOOKMARK [1][-]{section.1}{\376\377\000I\000n\000t\000r\000o\000d\000u\000c\000t\000i\000o\000n}{}% 1
\BOOKMARK [1][-]{section.2}{\376\377\000M\000e\000t\000h\000o\000d\000o\000l\000o\000g\000y}{}% 2
\BOOKMARK [2][-]{subsection.2.1}{\376\377\000D\000F\000T\000\040\000c\000a\000l\000c\000u\000l\000a\000t\000i\000o\000n\000s}{section.2}% 3
\BOOKMARK [2][-]{subsection.2.2}{\376\377\000O\000x\000y\000g\000e\000n\000\040\000c\000h\000e\000m\000i\000c\000a\000l\000\040\000p\000o\000t\000e\000n\000t\000i\000a\000l}{section.2}% 4
\BOOKMARK [2][-]{subsection.2.3}{\376\377\000O\000x\000y\000g\000e\000n\000\040\000d\000i\000f\000f\000u\000s\000i\000v\000i\000t\000y}{section.2}% 5
\BOOKMARK [2][-]{subsection.2.4}{\376\377\000D\000e\000f\000e\000c\000t\000\040\000r\000e\000a\000c\000t\000i\000o\000n\000s}{section.2}% 6
\BOOKMARK [1][-]{section.3}{\376\377\000R\000e\000s\000u\000l\000t\000s}{}% 7
\BOOKMARK [2][-]{subsection.3.1}{\376\377\000D\000e\000f\000e\000c\000t\000\040\000e\000n\000e\000r\000g\000e\000t\000i\000c\000s}{section.3}% 8
\BOOKMARK [2][-]{subsection.3.2}{\376\377\000U\000N\000\040\000s\000u\000r\000f\000a\000c\000e\000\040\000p\000r\000o\000p\000e\000r\000t\000i\000e\000s}{section.3}% 9
\BOOKMARK [2][-]{subsection.3.3}{\376\377\000E\000l\000e\000c\000t\000r\000o\000n\000i\000c\000\040\000s\000t\000r\000u\000c\000t\000u\000r\000e\000\040\000o\000f\000\040\000s\000u\000r\000f\000a\000c\000e\000\040\000o\000x\000y\000g\000e\000n\000\040\000c\000o\000n\000f\000i\000g\000u\000r\000a\000t\000i\000o\000n\000s}{section.3}% 10
\BOOKMARK [2][-]{subsection.3.4}{\376\377\000O\000x\000y\000g\000e\000n\000\040\000b\000e\000h\000a\000v\000i\000o\000r}{section.3}% 11
\BOOKMARK [3][-]{subsubsection.3.4.1}{\376\377\000O\000x\000y\000g\000e\000n\000\040\000d\000e\000f\000e\000c\000t\000\040\000p\000o\000p\000u\000l\000a\000t\000i\000o\000n\000s\000\040\000a\000n\000d\000\040\000t\000r\000a\000n\000s\000p\000o\000r\000t}{subsection.3.4}% 12
\BOOKMARK [3][-]{subsubsection.3.4.2}{\376\377\000S\000u\000r\000f\000a\000c\000e\000-\000e\000n\000e\000r\000g\000y\000\040\000r\000e\000d\000u\000c\000t\000i\000o\000n\000\040\000a\000n\000d\000\040\000p\000e\000a\000k\000-\000t\000e\000m\000p\000e\000r\000a\000t\000u\000r\000e\000\040\000m\000e\000c\000h\000a\000n\000i\000s\000m}{subsection.3.4}% 13
\BOOKMARK [3][-]{subsubsection.3.4.3}{\376\377\000P\000a\000r\000a\000m\000e\000t\000r\000i\000c\000\040\000d\000e\000p\000e\000n\000d\000e\000n\000c\000e\000\040\000a\000n\000d\000\040\000r\000e\000l\000e\000v\000a\000n\000c\000e\000\040\000t\000o\000\040\000s\000w\000e\000l\000l\000i\000n\000g\000\040\000m\000o\000d\000e\000l\000s}{subsection.3.4}% 14
\BOOKMARK [1][-]{section.4}{\376\377\000D\000i\000s\000c\000u\000s\000s\000i\000o\000n}{}% 15
\BOOKMARK [1][-]{section.5}{\376\377\000C\000o\000n\000c\000l\000u\000s\000i\000o\000n\000s}{}% 16
\BOOKMARK [1][-]{section.6}{\376\377\000A\000c\000k\000n\000o\000w\000l\000e\000d\000g\000m\000e\000n\000t\000s}{}% 17
\BOOKMARK [1][-]{appendix.A}{\376\377\000D\000e\000r\000i\000v\000a\000t\000i\000o\000n\000\040\000o\000f\000\040\000t\000h\000e\000\040\000f\000o\000r\000m\000u\000l\000a\000s\000\040\000f\000o\000r\000\040\000[\000\040\000N\000N\000\050\000s\000\051\000\040\000]\000\040\000a\000n\000d\000\040\000[\000\040\000v\000i\000\050\000s\000\051\000\040\000]}{}% 18
\BOOKMARK [1][-]{appendix.B}{\376\377\000D\000e\000r\000i\000v\000a\000t\000i\000o\000n\000\040\000o\000f\000\040\000t\000h\000e\000\040\000f\000o\000r\000m\000u\000l\000a\000\040\000f\000o\000r\000\040\000s\000u\000r\000f\000a\000c\000e\000\040\000e\000n\000e\000r\000g\000y\000\040\000c\000h\000a\000n\000g\000e\000\040\000a\000s\000\040\000a\000\040\000f\000u\000n\000c\000t\000i\000o\000n\000\040\000o\000f\000\040\000a\000d\000s\000o\000r\000b\000a\000t\000e\000\040\000a\000t\000o\000m\000\040\000c\000o\000n\000c\000e\000n\000t\000r\000a\000t\000i\000o\000n}{}% 19
\BOOKMARK [1][-]{appendix.C}{\376\377\000C\000l\000o\000s\000e\000d\000-\000f\000o\000r\000m\000\040\000e\000x\000p\000r\000e\000s\000s\000i\000o\000n\000\040\000f\000o\000r\000\040\000t\000h\000e\000\040\000t\000e\000m\000p\000e\000r\000a\000t\000u\000r\000e\000\040\000o\000f\000\040\000m\000a\000x\000i\000m\000u\000m\000\040\000|\000|}{}% 20
\BOOKMARK [2][-]{subsection.C.1}{\376\377\000A\000s\000s\000u\000m\000p\000t\000i\000o\000n\000s}{appendix.C}% 21
\BOOKMARK [2][-]{subsection.C.2}{\376\377\000F\000a\000c\000t\000o\000r\000i\000z\000e\000d\000\040\000f\000o\000r\000m}{appendix.C}% 22
\BOOKMARK [2][-]{subsection.C.3}{\376\377\000P\000i\000e\000c\000e\000w\000i\000s\000e\000\040\000m\000o\000n\000o\000t\000o\000n\000i\000c\000i\000t\000y\000\040\000a\000n\000d\000\040\000p\000e\000a\000k\000\040\000l\000o\000c\000a\000t\000i\000o\000n}{appendix.C}% 23
\BOOKMARK [3][-]{subsubsection.C.3.1}{\376\377\000U\000n\000s\000a\000t\000u\000r\000a\000t\000e\000d\000\040\000r\000e\000g\000i\000m\000e\000\040\000\050\000T\000\040\000<\000\040\000T\000*\000\051}{subsection.C.3}% 24
\BOOKMARK [3][-]{subsubsection.C.3.2}{\376\377\000S\000a\000t\000u\000r\000a\000t\000e\000d\000\040\000r\000e\000g\000i\000m\000e\000\040\000\050\000T\000\040\000>\000\040\000T\000*\000\051}{subsection.C.3}% 25
\BOOKMARK [2][-]{subsection.C.4}{\376\377\000C\000l\000o\000s\000e\000d\000-\000f\000o\000r\000m\000\040\000e\000x\000p\000r\000e\000s\000s\000i\000o\000n\000\040\000f\000o\000r\000\040\000T\000*}{appendix.C}% 26
\BOOKMARK [2][-]{subsection.C.5}{\376\377\000N\000u\000c\000l\000e\000a\000t\000i\000o\000n\000\040\000t\000i\000m\000e\000\040\000d\000e\000p\000e\000n\000d\000e\000n\000c\000e\000\040\000o\000f\000\040\000T\000p\000e\000a\000k}{appendix.C}% 27
\BOOKMARK [2][-]{subsection.C.6}{\376\377\000P\000o\000r\000o\000s\000i\000t\000y\000\040\000d\000e\000p\000e\000n\000d\000e\000n\000c\000e\000\040\000o\000f\000\040\000|\000D\000e\000l\000t\000a\000\040\000s\000i\000g\000m\000a\000|}{appendix.C}% 28
\BOOKMARK [1][-]{appendix.D}{\376\377\000S\000u\000p\000p\000l\000e\000m\000e\000n\000t\000a\000r\000y\000\040\000i\000n\000f\000o\000r\000m\000a\000t\000i\000o\000n}{}% 29
\BOOKMARK [1][-]{appendix.E}{\376\377\000O\000x\000y\000g\000e\000n\000\040\000a\000d\000s\000o\000r\000p\000t\000i\000o\000n\000\040\000o\000n\000\040\000t\000h\000e\000\040\000U\000N\000\040\000\050\0001\0001\0000\000\051\000\040\000s\000u\000r\000f\000a\000c\000e}{}% 30
\BOOKMARK [2][-]{subsection.E.1}{\376\377\000C\000o\000m\000p\000u\000t\000a\000t\000i\000o\000n\000a\000l\000\040\000d\000e\000t\000a\000i\000l\000s}{appendix.E}% 31
\BOOKMARK [2][-]{subsection.E.2}{\376\377\000S\000u\000r\000f\000a\000c\000e\000\040\000e\000n\000e\000r\000g\000e\000t\000i\000c\000s}{appendix.E}% 32
\BOOKMARK [2][-]{subsection.E.3}{\376\377\000S\000i\000t\000e\000-\000c\000o\000n\000s\000e\000r\000v\000i\000n\000g\000\040\000o\000x\000y\000g\000e\000n\000\040\000a\000d\000s\000o\000r\000p\000t\000i\000o\000n\000\040\000m\000o\000d\000e\000l}{appendix.E}% 33
\BOOKMARK [2][-]{subsection.E.4}{\376\377\000R\000e\000s\000u\000l\000t\000s\000\040\000a\000n\000d\000\040\000c\000o\000m\000p\000a\000r\000i\000s\000o\000n}{appendix.E}% 34
\BOOKMARK [1][-]{appendix.F}{\376\377\000U\000n\000c\000e\000r\000t\000a\000i\000n\000t\000y\000\040\000q\000u\000a\000n\000t\000i\000f\000i\000c\000a\000t\000i\000o\000n\000\040\000a\000n\000d\000\040\000s\000e\000n\000s\000i\000t\000i\000v\000i\000t\000y\000\040\000a\000n\000a\000l\000y\000s\000i\000s}{}% 35
\BOOKMARK [2][-]{subsection.F.1}{\376\377\000M\000o\000n\000t\000e\000\040\000C\000a\000r\000l\000o\000\040\000p\000r\000o\000p\000a\000g\000a\000t\000i\000o\000n}{appendix.F}% 36
\BOOKMARK [2][-]{subsection.F.2}{\376\377\000H\000u\000b\000b\000a\000r\000d\000\040\000U\000\040\000s\000e\000n\000s\000i\000t\000i\000v\000i\000t\000y}{appendix.F}% 37
